exports[`Generate snapshots from the components Languages 1`] = `
<table
  className="table">
  <thead>
    <tr>
      <th
        colSpan="3">
        Total: 
        0
         of 
        0
      </th>
    </tr>
    <tr>
      <th>
        Position
      </th>
      <th>
        Language
      </th>
      <th>
        Rating
      </th>
    </tr>
  </thead>
  <tbody>
    <tr>
      <td
        colSpan="3"
        style={
          Object {
            "textAlign": "center",
          }
        }>
        Loading...
      </td>
    </tr>
  </tbody>
</table>
`;

exports[`Generate snapshots from the components Search 1`] = `
<div>
  <input
    className="form-control"
    onChange={[Function]}
    placeholder="Search for ..."
    type="text" />
</div>
`;
